// Jest Snapshot v1, https://goo.gl/fbAQLP

exports[`<ScoreForm /> should render with default props 1`] = `
<div>
  <Button
    active={false}
    block={true}
    bsClass="btn"
    bsStyle="default"
    disabled={false}
    onClick={[Function]}
  >
    Submit Scores
  </Button>
</div>
`;
